// Vitest Snapshot v1, https://vitest.dev/guide/snapshot.html

exports[`AppHeader > renderiza a marca do projeto e o selo de navegacao 1`] = `
"<header class="flex items-center justify-between gap-4 border-b-2 border-ink px-7 py-5 max-md:flex-col max-md:items-start max-md:px-[18px]"><a href="/" class="inline-flex items-center gap-3 text-[1.75rem] font-bold tracking-[0.04em]"><span class="grid h-[42px] w-[42px] place-items-center border-2 border-ink bg-brand-tile" aria-hidden="true"><svg width="24" height="24" viewBox="0 0 24 24" fill="none" aria-hidden="true" class="h-6 w-6"><path d="M4 5.5H20V18.5H4V5.5Z" stroke="currentColor" stroke-width="1.8"></path><path d="M4.8 15.8L9.5 12.1L12.7 14.4L19.2 9.4" stroke="currentColor" stroke-width="1.8" stroke-linecap="round" stroke-linejoin="round"></path></svg></span><span>CurriculoAI</span></a>
  <nav aria-label="Navegacao principal"><span class="inline-flex items-center gap-[10px] border border-ink bg-chip px-[14px] py-[6px] text-[0.76rem] uppercase tracking-[0.14em]"> Nuxt 4 + OpenAI </span></nav>
</header>"
`;
