// Vitest Snapshot v1, https://vitest.dev/guide/snapshot.html

exports[`IconsAppHeaderMark > renderiza o icone da marca do cabecalho 1`] = `
"<svg width="24" height="24" viewBox="0 0 24 24" fill="none" aria-hidden="true">
  <path d="M4 5.5H20V18.5H4V5.5Z" stroke="currentColor" stroke-width="1.8"></path>
  <path d="M4.8 15.8L9.5 12.1L12.7 14.4L19.2 9.4" stroke="currentColor" stroke-width="1.8" stroke-linecap="round" stroke-linejoin="round"></path>
</svg>"
`;
